// Jest Snapshot v1, https://goo.gl/fbAQLP

exports[`should sum 2 numbers snapshot 1`] = `3`;
