// Jest Snapshot v1, https://goo.gl/fbAQLP

exports[`should render react div DOM 1`] = `
<div
  class="div-class"
  style="color:white;"
>
  <span
    class="span-class"
  >
    I love Oath
  </span>
</div>
`;
